lib/lobby/create-room.ts(38,11): error TS2339: Property 'room' does not exist on type 'any[]'.
lib/lobby/create-room.ts(38,17): error TS2339: Property 'player' does not exist on type 'any[]'.
lib/lobby/create-room.ts(38,54): error TS2769: No overload matches this call.
  Overload 1 of 2, '(arg: PrismaPromise<any>[], options?: { maxWait?: number | undefined; timeout?: number | undefined; isolationLevel?: TransactionIsolationLevel | undefined; } | undefined): Promise<...>', gave the following error.
    Argument of type '(tx: typeof prisma) => Promise<{ room: { id: string; code: string; status: string; visibility: string; playerCount: number; createdAt: Date; updatedAt: Date; }; player: { id: string; status: string; ... 8 more ...; disconnectedAt: Date | null; }; }>' is not assignable to parameter of type 'PrismaPromise<any>[]'.
  Overload 2 of 2, '(fn: (prisma: Omit<PrismaClient<never, GlobalOmitConfig | undefined, DefaultArgs>, "$connect" | "$disconnect" | "$on" | "$use" | "$extends">) => Promise<...>, options?: { ...; } | undefined): Promise<...>', gave the following error.
    Argument of type '(tx: typeof prisma) => Promise<{ room: { id: string; code: string; status: string; visibility: string; playerCount: number; createdAt: Date; updatedAt: Date; }; player: { id: string; status: string; ... 8 more ...; disconnectedAt: Date | null; }; }>' is not assignable to parameter of type '(prisma: Omit<PrismaClient<never, GlobalOmitConfig | undefined, DefaultArgs>, "$connect" | "$disconnect" | "$on" | "$use" | "$extends">) => Promise<...>'.
      Types of parameters 'tx' and 'prisma' are incompatible.
        Type 'Omit<PrismaClient<never, GlobalOmitConfig | undefined, DefaultArgs>, "$connect" | "$disconnect" | "$on" | "$use" | "$extends">' is missing the following properties from type 'PrismaClient<never, GlobalOmitConfig | undefined, DefaultArgs>': $on, $connect, $disconnect, $extends
lib/lobby/join-room.ts(75,49): error TS2769: No overload matches this call.
  Overload 1 of 2, '(arg: PrismaPromise<any>[], options?: { maxWait?: number | undefined; timeout?: number | undefined; isolationLevel?: TransactionIsolationLevel | undefined; } | undefined): Promise<...>', gave the following error.
    Argument of type '(tx: typeof prisma) => Promise<({ players: { id: string; status: string; roomId: string; playerId: string; displayName: string; isHost: boolean; readyState: string; turnPosition: number | null; joinedAt: Date; lastActivityAt: Date; disconnectedAt: Date | null; }[]; } & { ...; }) | null>' is not assignable to parameter of type 'PrismaPromise<any>[]'.
  Overload 2 of 2, '(fn: (prisma: Omit<PrismaClient<never, GlobalOmitConfig | undefined, DefaultArgs>, "$connect" | "$disconnect" | "$on" | "$use" | "$extends">) => Promise<...>, options?: { ...; } | undefined): Promise<...>', gave the following error.
    Argument of type '(tx: typeof prisma) => Promise<({ players: { id: string; status: string; roomId: string; playerId: string; displayName: string; isHost: boolean; readyState: string; turnPosition: number | null; joinedAt: Date; lastActivityAt: Date; disconnectedAt: Date | null; }[]; } & { ...; }) | null>' is not assignable to parameter of type '(prisma: Omit<PrismaClient<never, GlobalOmitConfig | undefined, DefaultArgs>, "$connect" | "$disconnect" | "$on" | "$use" | "$extends">) => Promise<...>'.
      Types of parameters 'tx' and 'prisma' are incompatible.
        Type 'Omit<PrismaClient<never, GlobalOmitConfig | undefined, DefaultArgs>, "$connect" | "$disconnect" | "$on" | "$use" | "$extends">' is missing the following properties from type 'PrismaClient<never, GlobalOmitConfig | undefined, DefaultArgs>': $on, $connect, $disconnect, $extends
lib/lobby/join-room.ts(119,28): error TS2339: Property 'players' does not exist on type 'any[]'.
lib/lobby/join-room.ts(121,46): error TS2339: Property 'players' does not exist on type 'any[]'.
lib/lobby/join-room.ts(133,29): error TS2339: Property 'code' does not exist on type 'any[]'.
lib/lobby/join-room.ts(134,27): error TS2339: Property 'status' does not exist on type 'any[]'.
lib/lobby/join-room.ts(135,31): error TS2339: Property 'visibility' does not exist on type 'any[]'.
lib/lobby/leave-room.ts(55,48): error TS2345: Argument of type '(earliest: { joinedAt: Date; id: string; }, player: { joinedAt: Date; id: string; }) => { joinedAt: Date; id: string; }' is not assignable to parameter of type '(previousValue: { id: string; status: string; roomId: string; playerId: string; displayName: string; isHost: boolean; readyState: string; turnPosition: number | null; joinedAt: Date; lastActivityAt: Date; disconnectedAt: Date | null; }, currentValue: { ...; }, currentIndex: number, array: { ...; }[]) => { ...; }'.
  Type '{ joinedAt: Date; id: string; }' is missing the following properties from type '{ id: string; status: string; roomId: string; playerId: string; displayName: string; isHost: boolean; readyState: string; turnPosition: number | null; joinedAt: Date; lastActivityAt: Date; disconnectedAt: Date | null; }': status, roomId, playerId, displayName, and 5 more.
lib/lobby/leave-room.ts(59,31): error TS2769: No overload matches this call.
  Overload 1 of 2, '(arg: PrismaPromise<any>[], options?: { maxWait?: number | undefined; timeout?: number | undefined; isolationLevel?: TransactionIsolationLevel | undefined; } | undefined): Promise<...>', gave the following error.
    Argument of type '(tx: typeof prisma) => Promise<void>' is not assignable to parameter of type 'PrismaPromise<any>[]'.
  Overload 2 of 2, '(fn: (prisma: Omit<PrismaClient<never, GlobalOmitConfig | undefined, DefaultArgs>, "$connect" | "$disconnect" | "$on" | "$use" | "$extends">) => Promise<...>, options?: { ...; } | undefined): Promise<...>', gave the following error.
    Argument of type '(tx: typeof prisma) => Promise<void>' is not assignable to parameter of type '(prisma: Omit<PrismaClient<never, GlobalOmitConfig | undefined, DefaultArgs>, "$connect" | "$disconnect" | "$on" | "$use" | "$extends">) => Promise<...>'.
      Types of parameters 'tx' and 'prisma' are incompatible.
        Type 'Omit<PrismaClient<never, GlobalOmitConfig | undefined, DefaultArgs>, "$connect" | "$disconnect" | "$on" | "$use" | "$extends">' is missing the following properties from type 'PrismaClient<never, GlobalOmitConfig | undefined, DefaultArgs>': $on, $connect, $disconnect, $extends
lib/lobby/leave-room.ts(97,29): error TS2769: No overload matches this call.
  Overload 1 of 2, '(arg: PrismaPromise<any>[], options?: { maxWait?: number | undefined; timeout?: number | undefined; isolationLevel?: TransactionIsolationLevel | undefined; } | undefined): Promise<...>', gave the following error.
    Argument of type '(tx: typeof prisma) => Promise<void>' is not assignable to parameter of type 'PrismaPromise<any>[]'.
  Overload 2 of 2, '(fn: (prisma: Omit<PrismaClient<never, GlobalOmitConfig | undefined, DefaultArgs>, "$connect" | "$disconnect" | "$on" | "$use" | "$extends">) => Promise<...>, options?: { ...; } | undefined): Promise<...>', gave the following error.
    Argument of type '(tx: typeof prisma) => Promise<void>' is not assignable to parameter of type '(prisma: Omit<PrismaClient<never, GlobalOmitConfig | undefined, DefaultArgs>, "$connect" | "$disconnect" | "$on" | "$use" | "$extends">) => Promise<...>'.
      Types of parameters 'tx' and 'prisma' are incompatible.
        Type 'Omit<PrismaClient<never, GlobalOmitConfig | undefined, DefaultArgs>, "$connect" | "$disconnect" | "$on" | "$use" | "$extends">' is missing the following properties from type 'PrismaClient<never, GlobalOmitConfig | undefined, DefaultArgs>': $on, $connect, $disconnect, $extends
lib/lobby/start-game.ts(85,29): error TS2769: No overload matches this call.
  Overload 1 of 2, '(arg: PrismaPromise<any>[], options?: { maxWait?: number | undefined; timeout?: number | undefined; isolationLevel?: TransactionIsolationLevel | undefined; } | undefined): Promise<...>', gave the following error.
    Argument of type '(tx: typeof prisma) => Promise<void>' is not assignable to parameter of type 'PrismaPromise<any>[]'.
  Overload 2 of 2, '(fn: (prisma: Omit<PrismaClient<never, GlobalOmitConfig | undefined, DefaultArgs>, "$connect" | "$disconnect" | "$on" | "$use" | "$extends">) => Promise<...>, options?: { ...; } | undefined): Promise<...>', gave the following error.
    Argument of type '(tx: typeof prisma) => Promise<void>' is not assignable to parameter of type '(prisma: Omit<PrismaClient<never, GlobalOmitConfig | undefined, DefaultArgs>, "$connect" | "$disconnect" | "$on" | "$use" | "$extends">) => Promise<...>'.
      Types of parameters 'tx' and 'prisma' are incompatible.
        Type 'Omit<PrismaClient<never, GlobalOmitConfig | undefined, DefaultArgs>, "$connect" | "$disconnect" | "$on" | "$use" | "$extends">' is missing the following properties from type 'PrismaClient<never, GlobalOmitConfig | undefined, DefaultArgs>': $on, $connect, $disconnect, $extends
